src/components/editor/AudioLibrary.tsx(1,10): error TS6133: 'Plus' is declared but its value is never read.
src/components/editor/AudioTrack.tsx(15,59): error TS6133: 'clipStart' is declared but its value is never read.
src/components/editor/Timeline.tsx(8,1): error TS6192: All imports in import declaration are unused.
src/components/editor/Timeline.tsx(11,10): error TS6133: 'formatTimeLocal' is declared but its value is never read.
src/components/editor/VideoPreview.tsx(17,9): error TS6133: 'handlePointerDown' is declared but its value is never read.
src/components/editor/VideoPreview.tsx(25,9): error TS6133: 'handlePointerMove' is declared but its value is never read.
src/components/editor/VideoPreview.tsx(49,9): error TS6133: 'handlePointerUp' is declared but its value is never read.
src/components/layout/Sidebar.tsx(9,9): error TS6198: All destructured elements are unused.
src/components/layout/Titlebar.tsx(1,1): error TS6192: All imports in import declaration are unused.
src/components/layout/Titlebar.tsx(8,9): error TS6198: All destructured elements are unused.
src/components/setup/HomeLauncher.tsx(5,20): error TS6133: 'useCallback' is declared but its value is never read.
src/components/setup/HomeLauncher.tsx(5,33): error TS6133: 'useEffect' is declared but its value is never read.
src/components/tools/voicestudio/HistoryPanel.tsx(1,8): error TS6133: 'React' is declared but its value is never read.
src/components/tools/voicestudio/TTSTab.tsx(1,8): error TS6133: 'React' is declared but its value is never read.
src/components/tools/voicestudio/TTSTab.tsx(19,17): error TS6133: 'setPitch' is declared but its value is never read.
src/utils/time.ts(10,42): error TS6133: 'fps' is declared but its value is never read.
src/utils/url.ts(15,9): error TS6133: 'isRemote' is declared but its value is never read.
